../Core/Src/main.c:96:6:HAL_FDCAN_RxFifo0Callback	11
../Core/Src/main.c:136:6:send_CAN_message	2
../Core/Src/main.c:144:6:send_CAN_message_four	2
../Core/Src/main.c:158:6:HAL_ADC_ConvCpltCallback	1
../Core/Src/main.c:167:6:accelerometer_init	1
../Core/Src/main.c:181:6:convert_acceleration	1
../Core/Src/main.c:191:6:convert_angular_velocity	1
../Core/Src/main.c:203:6:steering_angle_init	2
../Core/Src/main.c:216:6:steering_angle_avg	2
../Core/Src/main.c:236:7:SteeringAngleADC	1
../Core/Src/main.c:246:7:BrakeTemperatureADC	1
../Core/Src/main.c:255:7:PressureSensorADC	1
../Core/Src/main.c:265:7:LinPotentiometer	1
../Core/Src/main.c:280:5:main	5
../Core/Src/main.c:432:6:SystemClock_Config	3
../Core/Src/main.c:479:13:MX_ADC2_Init	6
../Core/Src/main.c:565:13:MX_FDCAN1_Init	2
../Core/Src/main.c:616:13:MX_I2C1_Init	4
../Core/Src/main.c:662:13:MX_DMA_Init	1
../Core/Src/main.c:681:13:MX_GPIO_Init	1
../Core/Src/main.c:731:6:Error_Handler	1
