../Core/Src/main.c:90:6:HAL_TIM_IC_CaptureCallback	16	static
../Core/Src/main.c:105:6:HAL_FDCAN_RxFifo0Callback	16	static
../Core/Src/main.c:141:6:fault_pin_service	8	static
../Core/Src/main.c:156:20:set_all	24	static
../Core/Src/main.c:164:6:race_state_init	16	static
../Core/Src/main.c:170:6:check_moto_state	16	static
../Core/Src/main.c:201:6:handle_button_press	16	static
../Core/Src/main.c:254:6:convert_float_display	24	static
../Core/Src/main.c:259:6:send_CAN_message	16	static
../Core/Src/main.c:268:6:send_turn_on_inverter	8	static
../Core/Src/main.c:273:6:send_velocity_ref_inverter	16	static
../Core/Src/main.c:285:6:send_throttle_steering_display	16	static
../Core/Src/main.c:304:6:send_race_mode_display	16	static
../Core/Src/main.c:310:6:send_rain_state_display	16	static
../Core/Src/main.c:317:6:throttle_init	24	static
../Core/Src/main.c:332:6:convert_adc_throttle	32	static
../Core/Src/main.c:372:6:steering_angle_init	24	static
../Core/Src/main.c:385:6:steering_angle_avg	16	static
../Core/Src/main.c:413:5:main	24	static
../Core/Src/main.c:524:6:SystemClock_Config	88	static
../Core/Src/main.c:567:13:MX_FDCAN1_Init	8	static
../Core/Src/main.c:616:13:MX_TIM1_Init	72	static
../Core/Src/main.c:684:13:MX_GPIO_Init	40	static
../Core/Src/main.c:744:6:Error_Handler	4	static,ignoring_inline_asm
